
> react-typescript-starter@0.1.0 test
> react-scripts test --coverage

Browserslist: caniuse-lite is outdated. Please run:
  npx browserslist@latest --update-db
  Why you should do it regularly: https://github.com/browserslist/browserslist#browsers-data-updating
Browserslist: caniuse-lite is outdated. Please run:
  npx browserslist@latest --update-db
  Why you should do it regularly: https://github.com/browserslist/browserslist#browsers-data-updating
Browserslist: caniuse-lite is outdated. Please run:
  npx browserslist@latest --update-db
  Why you should do it regularly: https://github.com/browserslist/browserslist#browsers-data-updating
PASS src/objects.test.ts
PASS src/nested.test.ts
PASS src/arrays.test.ts
  ● Console

    console.log
      [ 1, 3 ]

      at Object.<anonymous> (src/arrays.ts:19:9)

    console.log
      [ 'Hello', 'you', 'are', 'GREAT!' ]

      at Object.<anonymous> (src/arrays.ts:73:9)

PASS src/functions.test.ts
PASS src/text.test.tsx
PASS src/App.test.tsx
PASS src/HtmlCss.test.tsx
----------------|---------|----------|---------|---------|-------------------
File            | % Stmts | % Branch | % Funcs | % Lines | Uncovered Line #s 
----------------|---------|----------|---------|---------|-------------------
All files       |   99.43 |    95.94 |     100 |   99.39 |                   
 src            |   99.43 |    95.94 |     100 |   99.39 |                   
  App.tsx       |     100 |      100 |     100 |     100 |                   
  arrays.ts     |     100 |      100 |     100 |     100 |                   
  functions.ts  |     100 |      100 |     100 |     100 |                   
  nested.ts     |     100 |    92.59 |     100 |     100 | 264,297           
  objects.ts    |   96.42 |    91.66 |     100 |   96.29 | 52                
 src/interfaces |       0 |        0 |       0 |       0 |                   
  answer.ts     |       0 |        0 |       0 |       0 |                   
  question.ts   |       0 |        0 |       0 |       0 |                   
----------------|---------|----------|---------|---------|-------------------

Test Suites: 7 passed, 7 total
Tests:       49 passed, 49 total
Snapshots:   0 total
Time:        3.956 s
Ran all test suites.
